#
# There is insufficient memory for the Java Runtime Environment to continue.
# Native memory allocation (malloc) failed to allocate 1048576 bytes. Error detail: AllocateHeap
# Possible reasons:
#   The system is out of physical RAM or swap space
#   This process is running with CompressedOops enabled, and the Java Heap may be blocking the growth of the native heap
# Possible solutions:
#   Reduce memory load on the system
#   Increase physical memory or swap space
#   Check if swap backing store is full
#   Decrease Java heap size (-Xmx/-Xms)
#   Decrease number of Java threads
#   Decrease Java thread stack sizes (-Xss)
#   Set larger code cache with -XX:ReservedCodeCacheSize=
#   JVM is running with Unscaled Compressed Oops mode in which the Java heap is
#     placed in the first 4GB address space. The Java Heap base address is the
#     maximum limit for the native heap growth. Please use -XX:HeapBaseMinAddress
#     to set the Java Heap base and to place the Java Heap above 4GB virtual address.
# This output file may be truncated or incomplete.
#
#  Out of Memory Error (allocation.cpp:44), pid=3136, tid=7848
#
# JRE version: OpenJDK Runtime Environment Temurin-21.0.11+10 (21.0.11+10) (build 21.0.11+10-LTS)
# Java VM: OpenJDK 64-Bit Server VM Temurin-21.0.11+10 (21.0.11+10-LTS, mixed mode, sharing, tiered, compressed oops, compressed class ptrs, parallel gc, windows-amd64)
# No core dump will be written. Minidumps are not enabled by default on client versions of Windows
#

---------------  S U M M A R Y ------------

Command Line: --add-modules=ALL-SYSTEM --add-opens=java.base/java.util=ALL-UNNAMED --add-opens=java.base/java.lang=ALL-UNNAMED --add-opens=java.base/sun.nio.fs=ALL-UNNAMED -Declipse.application=org.eclipse.jdt.ls.core.id1 -Dosgi.bundles.defaultStartLevel=4 -Declipse.product=org.eclipse.jdt.ls.core.product -Djava.import.generatesMetadataFilesAtProjectRoot=false -DDetectVMInstallationsJob.disabled=true -Dfile.encoding=utf8 -XX:+UseParallelGC -XX:GCTimeRatio=4 -XX:AdaptiveSizePolicyWeight=90 -Dsun.zip.disableMemoryMapping=true -Xmx2G -Xms100m -Xlog:disable -javaagent:c:\Users\jinub\.antigravity-ide\extensions\redhat.java-1.55.0-win32-x64\lombok\lombok-1.18.39-4050.jar -XX:+HeapDumpOnOutOfMemoryError -XX:HeapDumpPath=c:\Users\jinub\AppData\Roaming\Antigravity IDE\User\workspaceStorage\de9b0b1405f3bc291aafe8dbc4d81a6e\redhat.java -Daether.dependencyCollector.impl=bf c:\Users\jinub\.antigravity-ide\extensions\redhat.java-1.55.0-win32-x64\server\plugins\org.eclipse.equinox.launcher_1.7.200.v20260619-2039.jar -configuration c:\Users\jinub\AppData\Roaming\Antigravity IDE\User\globalStorage\redhat.java\1.55.0\config_win -data c:\Users\jinub\AppData\Roaming\Antigravity IDE\User\workspaceStorage\de9b0b1405f3bc291aafe8dbc4d81a6e\redhat.java\jdt_ws --pipe=\\.\pipe\lsp-0547435467ab12ac65d23f158aa20cf9-sock

Host: AMD Ryzen 5 5600H with Radeon Graphics         , 12 cores, 15G,  Windows 11 , 64 bit Build 26100 (10.0.26100.8875)
Time: Fri Jul 31 23:17:06 2026 India Standard Time elapsed time: 4073.396098 seconds (0d 1h 7m 53s)

---------------  T H R E A D  ---------------

Current thread (0x000002b0ebe4c7d0):  JavaThread "Attach Listener" daemon [_thread_in_vm, id=7848, stack(0x000000c1f2500000,0x000000c1f2600000) (1024K)]

Stack: [0x000000c1f2500000,0x000000c1f2600000]
Native frames: (J=compiled Java code, j=interpreted, Vv=VM code, C=native code)
V  [jvm.dll+0x6d7e19]
V  [jvm.dll+0x8b5096]
V  [jvm.dll+0x8b764e]
V  [jvm.dll+0x8b7d33]
V  [jvm.dll+0x284596]
V  [jvm.dll+0xc13c7]
V  [jvm.dll+0x6d86c9]
V  [jvm.dll+0x133616]
V  [jvm.dll+0x3f868e]
V  [jvm.dll+0x85fb0d]
V  [jvm.dll+0x6d664d]
C  [ucrtbase.dll+0x2cd30]
C  [KERNEL32.DLL+0x2e957]
C  [ntdll.dll+0xaad6c]


---------------  P R O C E S S  ---------------

Threads class SMR info:
_java_thread_list=0x000002b0cd554260, length=39, elements={
0x000002b0ebda2c20, 0x000002b0fe84e080, 0x000002b0ebe464c0, 0x000002b0ebe4b8e0,
0x000002b0ebe4c7d0, 0x000002b0ebe50800, 0x000002b0ffbb40d0, 0x000002b0ffbb8e70,
0x000002b0ffbc0920, 0x000002b0ffbb4df0, 0x000002b0ffbb33b0, 0x000002b0caa5c650,
0x000002b0caa5b930, 0x000002b0caa59ef0, 0x000002b0caa5bfc0, 0x000002b0caa5a580,
0x000002b0caa5da00, 0x000002b0caa5e720, 0x000002b0caa5f440, 0x000002b0caa607f0,
0x000002b0cc0bd080, 0x000002b0cc0bb640, 0x000002b0cc0bbcd0, 0x000002b0cc0bc9f0,
0x000002b0cc0b9c00, 0x000002b0cc0bafb0, 0x000002b0cc0beac0, 0x000002b0cc0bc360,
0x000002b0cc0bf150, 0x000002b0cc0bf7e0, 0x000002b0cc0be430, 0x000002b0cc0bfe70,
0x000002b0cc0c0500, 0x000002b0cc0c0b90, 0x000002b0cc0bd710, 0x000002b0cc0bdda0,
0x000002b0ce53b730, 0x000002b0ce6422c0, 0x000002b0ca52e2b0
}

Java Threads: ( => current thread )
  0x000002b0ebda2c20 JavaThread "main"                              [_thread_blocked, id=21892, stack(0x000000c1f1e00000,0x000000c1f1f00000) (1024K)]
  0x000002b0fe84e080 JavaThread "Reference Handler"          daemon [_thread_blocked, id=3260, stack(0x000000c1f2200000,0x000000c1f2300000) (1024K)]
  0x000002b0ebe464c0 JavaThread "Finalizer"                  daemon [_thread_blocked, id=26620, stack(0x000000c1f2300000,0x000000c1f2400000) (1024K)]
  0x000002b0ebe4b8e0 JavaThread "Signal Dispatcher"          daemon [_thread_blocked, id=17756, stack(0x000000c1f2400000,0x000000c1f2500000) (1024K)]
=>0x000002b0ebe4c7d0 JavaThread "Attach Listener"            daemon [_thread_in_vm, id=7848, stack(0x000000c1f2500000,0x000000c1f2600000) (1024K)]
  0x000002b0ebe50800 JavaThread "Service Thread"             daemon [_thread_blocked, id=7596, stack(0x000000c1f2600000,0x000000c1f2700000) (1024K)]
  0x000002b0ffbb40d0 JavaThread "Monitor Deflation Thread"   daemon [_thread_blocked, id=29412, stack(0x000000c1f2700000,0x000000c1f2800000) (1024K)]
  0x000002b0ffbb8e70 JavaThread "C2 CompilerThread0"         daemon [_thread_blocked, id=16336, stack(0x000000c1f2800000,0x000000c1f2900000) (1024K)]
  0x000002b0ffbc0920 JavaThread "C1 CompilerThread0"         daemon [_thread_blocked, id=28604, stack(0x000000c1f2900000,0x000000c1f2a00000) (1024K)]
  0x000002b0ffbb4df0 JavaThread "Common-Cleaner"             daemon [_thread_blocked, id=5208, stack(0x000000c1f2b00000,0x000000c1f2c00000) (1024K)]
  0x000002b0ffbb33b0 JavaThread "Notification Thread"        daemon [_thread_blocked, id=13176, stack(0x000000c1f2c00000,0x000000c1f2d00000) (1024K)]
  0x000002b0caa5c650 JavaThread "Active Thread: Equinox Container: 275ad23a-aef5-4d5c-ae77-6aa9db5cf68f"        [_thread_blocked, id=25868, stack(0x000000c1f3a00000,0x000000c1f3b00000) (1024K)]
  0x000002b0caa5b930 JavaThread "Framework Event Dispatcher: Equinox Container: 275ad23a-aef5-4d5c-ae77-6aa9db5cf68f" daemon [_thread_blocked, id=20856, stack(0x000000c1f3300000,0x000000c1f3400000) (1024K)]
  0x000002b0caa59ef0 JavaThread "Start Level: Equinox Container: 275ad23a-aef5-4d5c-ae77-6aa9db5cf68f" daemon [_thread_blocked, id=16492, stack(0x000000c1f3b00000,0x000000c1f3c00000) (1024K)]
  0x000002b0caa5bfc0 JavaThread "Bundle File Closer"         daemon [_thread_blocked, id=24632, stack(0x000000c1f3e00000,0x000000c1f3f00000) (1024K)]
  0x000002b0caa5a580 JavaThread "Refresh Thread: Equinox Container: 275ad23a-aef5-4d5c-ae77-6aa9db5cf68f" daemon [_thread_blocked, id=13168, stack(0x000000c1f3f00000,0x000000c1f4000000) (1024K)]
  0x000002b0caa5da00 JavaThread "SCR Component Actor"        daemon [_thread_blocked, id=8228, stack(0x000000c1f3c00000,0x000000c1f3d00000) (1024K)]
  0x000002b0caa5e720 JavaThread "Worker-JM"                         [_thread_blocked, id=28912, stack(0x000000c1f4900000,0x000000c1f4a00000) (1024K)]
  0x000002b0caa5f440 JavaThread "Java indexing"              daemon [_thread_blocked, id=28780, stack(0x000000c1f4c00000,0x000000c1f4d00000) (1024K)]
  0x000002b0caa607f0 JavaThread "JNA Cleaner"                daemon [_thread_blocked, id=28756, stack(0x000000c1f4f00000,0x000000c1f5000000) (1024K)]
  0x000002b0cc0bd080 JavaThread "Thread-1"                   daemon [_thread_in_native, id=28824, stack(0x000000c1f5400000,0x000000c1f5500000) (1024K)]
  0x000002b0cc0bb640 JavaThread "Thread-2"                   daemon [_thread_in_native, id=28820, stack(0x000000c1f5500000,0x000000c1f5600000) (1024K)]
  0x000002b0cc0bbcd0 JavaThread "Thread-3"                   daemon [_thread_in_native, id=29624, stack(0x000000c1f5600000,0x000000c1f5700000) (1024K)]
  0x000002b0cc0bc9f0 JavaThread "Thread-4"                   daemon [_thread_in_native, id=21640, stack(0x000000c1f5700000,0x000000c1f5800000) (1024K)]
  0x000002b0cc0b9c00 JavaThread "Thread-5"                   daemon [_thread_in_native, id=1852, stack(0x000000c1f5800000,0x000000c1f5900000) (1024K)]
  0x000002b0cc0bafb0 JavaThread "Thread-6"                   daemon [_thread_in_native, id=10660, stack(0x000000c1f5900000,0x000000c1f5a00000) (1024K)]
  0x000002b0cc0beac0 JavaThread "Thread-7"                   daemon [_thread_in_native, id=24480, stack(0x000000c1f5a00000,0x000000c1f5b00000) (1024K)]
  0x000002b0cc0bc360 JavaThread "Thread-8"                   daemon [_thread_in_native, id=15000, stack(0x000000c1f5b00000,0x000000c1f5c00000) (1024K)]
  0x000002b0cc0bf150 JavaThread "Thread-9"                   daemon [_thread_in_native, id=28128, stack(0x000000c1f5c00000,0x000000c1f5d00000) (1024K)]
  0x000002b0cc0bf7e0 JavaThread "Thread-10"                  daemon [_thread_in_native, id=4100, stack(0x000000c1f5d00000,0x000000c1f5e00000) (1024K)]
  0x000002b0cc0be430 JavaThread "Thread-11"                  daemon [_thread_in_native, id=2376, stack(0x000000c1f5e00000,0x000000c1f5f00000) (1024K)]
  0x000002b0cc0bfe70 JavaThread "Thread-12"                  daemon [_thread_in_native, id=2212, stack(0x000000c1f5f00000,0x000000c1f6000000) (1024K)]
  0x000002b0cc0c0500 JavaThread "Thread-13"                  daemon [_thread_in_native, id=2636, stack(0x000000c1f6000000,0x000000c1f6100000) (1024K)]
  0x000002b0cc0c0b90 JavaThread "pool-2-thread-1"                   [_thread_blocked, id=29116, stack(0x000000c1f6100000,0x000000c1f6200000) (1024K)]
  0x000002b0cc0bd710 JavaThread "WorkspaceEventsHandler"            [_thread_blocked, id=12588, stack(0x000000c1f6300000,0x000000c1f6400000) (1024K)]
  0x000002b0cc0bdda0 JavaThread "pool-1-thread-1"                   [_thread_blocked, id=12480, stack(0x000000c1f6400000,0x000000c1f6500000) (1024K)]
  0x000002b0ce53b730 JavaThread "Cleaner-0"                  daemon [_thread_blocked, id=30116, stack(0x000000c1f4400000,0x000000c1f4500000) (1024K)]
  0x000002b0ce6422c0 JavaThread "Worker-10"                         [_thread_blocked, id=16236, stack(0x000000c1f3500000,0x000000c1f3600000) (1024K)]
  0x000002b0ca52e2b0 JavaThread "Worker-13"                         [_thread_blocked, id=26572, stack(0x000000c1f1d00000,0x000000c1f1e00000) (1024K)]
Total: 39

Other Threads:
  0x000002b0fe831b20 VMThread "VM Thread"                           [id=28240, stack(0x000000c1f2100000,0x000000c1f2200000) (1024K)]
  0x000002b0fe72c880 WatcherThread "VM Periodic Task Thread"        [id=2788, stack(0x000000c1f2000000,0x000000c1f2100000) (1024K)]
  0x000002b0ebdc1750 WorkerThread "GC Thread#0"                     [id=13720, stack(0x000000c1f1f00000,0x000000c1f2000000) (1024K)]
  0x000002b0ca4273d0 WorkerThread "GC Thread#1"                     [id=24560, stack(0x000000c1f2d00000,0x000000c1f2e00000) (1024K)]
  0x000002b0ca67e8a0 WorkerThread "GC Thread#2"                     [id=19936, stack(0x000000c1f2e00000,0x000000c1f2f00000) (1024K)]
  0x000002b0ca81b450 WorkerThread "GC Thread#3"                     [id=13144, stack(0x000000c1f2f00000,0x000000c1f3000000) (1024K)]
  0x000002b0ca81b800 WorkerThread "GC Thread#4"                     [id=25800, stack(0x000000c1f3000000,0x000000c1f3100000) (1024K)]
  0x000002b0ca2a7e70 WorkerThread "GC Thread#5"                     [id=25680, stack(0x000000c1f3100000,0x000000c1f3200000) (1024K)]
  0x000002b0ca2a8220 WorkerThread "GC Thread#6"                     [id=23708, stack(0x000000c1f3200000,0x000000c1f3300000) (1024K)]
  0x000002b0ca5ced70 WorkerThread "GC Thread#7"                     [id=28580, stack(0x000000c1f2a00000,0x000000c1f2b00000) (1024K)]
  0x000002b0cb1c90f0 WorkerThread "GC Thread#8"                     [id=14368, stack(0x000000c1f4600000,0x000000c1f4700000) (1024K)]
  0x000002b0cb7ce140 WorkerThread "GC Thread#9"                     [id=5184, stack(0x000000c1f4700000,0x000000c1f4800000) (1024K)]
Total: 12

Threads with active compile tasks:
Total: 0

VM state: not at safepoint (normal execution)

VM Mutex/Monitor currently owned by a thread: None

Heap address: 0x0000000080000000, size: 2048 MB, Compressed Oops mode: 32-bit

CDS archive(s) mapped at: [0x000002b084000000-0x000002b084ba0000-0x000002b084ba0000), size 12189696, SharedBaseAddress: 0x000002b084000000, ArchiveRelocationMode: 1.
Compressed class space mapped at: 0x000002b085000000-0x000002b0c5000000, reserved size: 1073741824
Narrow klass base: 0x000002b084000000, Narrow klass shift: 0, Narrow klass range: 0x100000000

GC Precious Log:
 CardTable entry size: 512
 CPUs: 12 total, 12 available
 Memory: 15710M
 Large Page Support: Disabled
 NUMA Support: Disabled
 Compressed Oops: Enabled (32-bit)
 Alignments: Space 512K, Generation 512K, Heap 2M
 Heap Min Capacity: 100M
 Heap Initial Capacity: 100M
 Heap Max Capacity: 2G
 Pre-touch: Disabled
 Parallel Workers: 10

Heap:
 PSYoungGen      total 5120K, used 1105K [0x00000000d5580000, 0x00000000d5c00000, 0x0000000100000000)
  eden space 4608K, 14% used [0x00000000d5580000,0x00000000d562c420,0x00000000d5a00000)
  from space 512K, 81% used [0x00000000d5b80000,0x00000000d5be8000,0x00000000d5c00000)
  to   space 512K, 0% used [0x00000000d5b00000,0x00000000d5b00000,0x00000000d5b80000)
 ParOldGen       total 154112K, used 153691K [0x0000000080000000, 0x0000000089680000, 0x00000000d5580000)
  object space 154112K, 99% used [0x0000000080000000,0x0000000089616de0,0x0000000089680000)
 Metaspace       used 85069K, committed 87104K, reserved 1179648K
  class space    used 8544K, committed 9408K, reserved 1048576K

Card table byte_map: [0x000002b0eb770000,0x000002b0ebb80000] _byte_map_base: 0x000002b0eb370000

Marking Bits: (ParMarkBitMap*) 0x00007ffb90884460
 Begin Bits: [0x000002b080000000, 0x000002b082000000)
 End Bits:   [0x000002b082000000, 0x000002b084000000)

Polling page: 0x000002b0eb560000

Metaspace:

Usage:
  Non-class:     74.73 MB used.
      Class:      8.34 MB used.
       Both:     83.08 MB used.

Virtual space:
  Non-class space:      128.00 MB reserved,      75.88 MB ( 59%) committed,  2 nodes.
      Class space:        1.00 GB reserved,       9.19 MB ( <1%) committed,  1 nodes.
             Both:        1.12 GB reserved,      85.06 MB (  7%) committed. 

Chunk freelists:
   Non-Class:  4.26 MB
       Class:  7.04 MB
        Both:  11.29 MB

MaxMetaspaceSize: unlimited
CompressedClassSpaceSize: 1.00 GB
Initial GC threshold: 21.00 MB
Current GC threshold: 141.81 MB
CDS: on
 - commit_granule_bytes: 65536.
 - commit_granule_words: 8192.
 - virtual_space_node_default_size: 8388608.
 - enlarge_chunks_in_place: 1.
 - use_allocation_guard: 0.


Internal statistics:

num_allocs_failed_limit: 9.
num_arena_births: 1588.
num_arena_deaths: 456.
num_vsnodes_births: 3.
num_vsnodes_deaths: 0.
num_space_committed: 1361.
num_space_uncommitted: 0.
num_chunks_returned_to_freelist: 538.
num_chunks_taken_from_freelist: 5595.
num_chunk_merges: 129.
num_chunk_splits: 3366.
num_chunks_enlarged: 1879.
num_inconsistent_stats: 0.

CodeHeap 'non-profiled nmethods': size=120000Kb used=17328Kb max_used=19953Kb free=102671Kb
 bounds [0x000002b0f6a70000, 0x000002b0f7df0000, 0x000002b0fdfa0000]
CodeHeap 'profiled nmethods': size=120000Kb used=34753Kb max_used=44618Kb free=85247Kb
 bounds [0x000002b0eefa0000, 0x000002b0f1b40000, 0x000002b0f64d0000]
CodeHeap 'non-nmethods': size=5760Kb used=1512Kb max_used=1596Kb free=4247Kb
 bounds [0x000002b0f64d0000, 0x000002b0f6740000, 0x000002b0f6a70000]
CodeCache: size=245760Kb, used=53593Kb, max_used=66167Kb, free=192165Kb
 total_blobs=15787, nmethods=14959, adapters=730, full_count=0
Compilation: enabled, stopped_count=0, restarted_count=0

Compilation events (20 events):
Event: 3437.061 Thread 0x000002b0ffbb8e70 nmethod 22684 0x000002b0f6ae6390 code [0x000002b0f6ae6520, 0x000002b0f6ae65a8]
Event: 3437.185 Thread 0x000002b0ffbc0920 22691       3       org.eclipse.core.runtime.SubProgressMonitor::beginTask (54 bytes)
Event: 3437.186 Thread 0x000002b0ce9bf800 nmethod 22690 0x000002b0f7a05890 code [0x000002b0f7a05fe0, 0x000002b0f7a09bc0]
Event: 3437.186 Thread 0x000002b0ffbc0920 nmethod 22691 0x000002b0ef184c10 code [0x000002b0ef184dc0, 0x000002b0ef184fd8]
Event: 3437.186 Thread 0x000002b0ffbc0920 22692       3       java.util.concurrent.CompletableFuture::postComplete (94 bytes)
Event: 3437.188 Thread 0x000002b0ffbc0920 nmethod 22692 0x000002b0ef213c10 code [0x000002b0ef213f20, 0x000002b0ef215248]
Event: 3437.221 Thread 0x000002b0ce9bf800 22693   !   4       com.sun.org.apache.xerces.internal.utils.XMLSecurityManager::getSystemProperty (68 bytes)
Event: 3437.237 Thread 0x000002b0ffbc0920 22694   !   3       org.eclipse.jdt.internal.core.builder.AbstractImageBuilder::prepareCompilerConfiguration (521 bytes)
Event: 3437.238 Thread 0x000002b0ce9bf800 nmethod 22693 0x000002b0f6b6d610 code [0x000002b0f6b6d840, 0x000002b0f6b6e038]
Event: 3437.240 Thread 0x000002b0ffbc0920 nmethod 22694 0x000002b0efb93890 code [0x000002b0efb93e20, 0x000002b0efb96c70]
Event: 3497.787 Thread 0x000002b0ffbc0920 22695   !   3       java.util.concurrent.locks.AbstractQueuedSynchronizer$ConditionObject::await (180 bytes)
Event: 3497.789 Thread 0x000002b0ffbc0920 nmethod 22695 0x000002b0ef1e5610 code [0x000002b0ef1e5980, 0x000002b0ef1e6e00]
Event: 3568.278 Thread 0x000002b0ffbc0920 22696   !   3       org.eclipse.jdt.ls.core.internal.JDTUtils::getFileOrFolder (63 bytes)
Event: 3568.281 Thread 0x000002b0ffbc0920 nmethod 22696 0x000002b0f030f990 code [0x000002b0f030fd00, 0x000002b0f03113f0]
Event: 3808.584 Thread 0x000002b0ffbc0920 22697       3       com.google.gson.stream.JsonReader::endArray (60 bytes)
Event: 3808.585 Thread 0x000002b0ffbc0920 nmethod 22697 0x000002b0ef2afa10 code [0x000002b0ef2afbe0, 0x000002b0ef2afec8]
Event: 3882.693 Thread 0x000002b0ffbc0920 22698   !   3       java.lang.ref.ReferenceQueue::remove (61 bytes)
Event: 3882.695 Thread 0x000002b0ffbc0920 nmethod 22698 0x000002b0ef29f590 code [0x000002b0ef29f820, 0x000002b0ef2a03a8]
Event: 3882.695 Thread 0x000002b0ffbc0920 22699       3       java.lang.ref.ReferenceQueue::remove0 (64 bytes)
Event: 3882.695 Thread 0x000002b0ffbc0920 nmethod 22699 0x000002b0ef3fcb10 code [0x000002b0ef3fcd20, 0x000002b0ef3fd1a0]

GC Heap History (20 events):
Event: 3193.594 GC heap before
{Heap before GC invocations=2588 (full 6):
 PSYoungGen      total 5120K, used 5120K [0x00000000d5580000, 0x00000000d5d00000, 0x0000000100000000)
  eden space 4608K, 100% used [0x00000000d5580000,0x00000000d5a00000,0x00000000d5a00000)
  from space 512K, 100% used [0x00000000d5c80000,0x00000000d5d00000,0x00000000d5d00000)
  to   space 1536K, 0% used [0x00000000d5a00000,0x00000000d5a00000,0x00000000d5b80000)
 ParOldGen       total 148480K, used 148373K [0x0000000080000000, 0x0000000089100000, 0x00000000d5580000)
  object space 148480K, 99% used [0x0000000080000000,0x00000000890e5430,0x0000000089100000)
 Metaspace       used 85046K, committed 87104K, reserved 1179648K
  class space    used 8544K, committed 9408K, reserved 1048576K
}
Event: 3193.595 GC heap after
{Heap after GC invocations=2588 (full 6):
 PSYoungGen      total 6144K, used 704K [0x00000000d5580000, 0x00000000d5d00000, 0x0000000100000000)
  eden space 4608K, 0% used [0x00000000d5580000,0x00000000d5580000,0x00000000d5a00000)
  from space 1536K, 45% used [0x00000000d5a00000,0x00000000d5ab0000,0x00000000d5b80000)
  to   space 1024K, 0% used [0x00000000d5c00000,0x00000000d5c00000,0x00000000d5d00000)
 ParOldGen       total 148992K, used 148813K [0x0000000080000000, 0x0000000089180000, 0x00000000d5580000)
  object space 148992K, 99% used [0x0000000080000000,0x0000000089153450,0x0000000089180000)
 Metaspace       used 85046K, committed 87104K, reserved 1179648K
  class space    used 8544K, committed 9408K, reserved 1048576K
}
Event: 3193.603 GC heap before
{Heap before GC invocations=2589 (full 6):
 PSYoungGen      total 6144K, used 5312K [0x00000000d5580000, 0x00000000d5d00000, 0x0000000100000000)
  eden space 4608K, 100% used [0x00000000d5580000,0x00000000d5a00000,0x00000000d5a00000)
  from space 1536K, 45% used [0x00000000d5a00000,0x00000000d5ab0000,0x00000000d5b80000)
  to   space 1024K, 0% used [0x00000000d5c00000,0x00000000d5c00000,0x00000000d5d00000)
 ParOldGen       total 148992K, used 148813K [0x0000000080000000, 0x0000000089180000, 0x00000000d5580000)
  object space 148992K, 99% used [0x0000000080000000,0x0000000089153450,0x0000000089180000)
 Metaspace       used 85046K, committed 87104K, reserved 1179648K
  class space    used 8544K, committed 9408K, reserved 1048576K
}
Event: 3193.605 GC heap after
{Heap after GC invocations=2589 (full 6):
 PSYoungGen      total 5120K, used 512K [0x00000000d5580000, 0x00000000d5c80000, 0x0000000100000000)
  eden space 4608K, 0% used [0x00000000d5580000,0x00000000d5580000,0x00000000d5a00000)
  from space 512K, 100% used [0x00000000d5c00000,0x00000000d5c80000,0x00000000d5c80000)
  to   space 1024K, 0% used [0x00000000d5a80000,0x00000000d5a80000,0x00000000d5b80000)
 ParOldGen       total 149504K, used 149429K [0x0000000080000000, 0x0000000089200000, 0x00000000d5580000)
  object space 149504K, 99% used [0x0000000080000000,0x00000000891ed490,0x0000000089200000)
 Metaspace       used 85046K, committed 87104K, reserved 1179648K
  class space    used 8544K, committed 9408K, reserved 1048576K
}
Event: 3193.623 GC heap before
{Heap before GC invocations=2590 (full 6):
 PSYoungGen      total 5120K, used 5120K [0x00000000d5580000, 0x00000000d5c80000, 0x0000000100000000)
  eden space 4608K, 100% used [0x00000000d5580000,0x00000000d5a00000,0x00000000d5a00000)
  from space 512K, 100% used [0x00000000d5c00000,0x00000000d5c80000,0x00000000d5c80000)
  to   space 1024K, 0% used [0x00000000d5a80000,0x00000000d5a80000,0x00000000d5b80000)
 ParOldGen       total 149504K, used 149429K [0x0000000080000000, 0x0000000089200000, 0x00000000d5580000)
  object space 149504K, 99% used [0x0000000080000000,0x00000000891ed490,0x0000000089200000)
 Metaspace       used 85049K, committed 87104K, reserved 1179648K
  class space    used 8544K, committed 9408K, reserved 1048576K
}
Event: 3193.625 GC heap after
{Heap after GC invocations=2590 (full 6):
 PSYoungGen      total 5632K, used 672K [0x00000000d5580000, 0x00000000d5c80000, 0x0000000100000000)
  eden space 4608K, 0% used [0x00000000d5580000,0x00000000d5580000,0x00000000d5a00000)
  from space 1024K, 65% used [0x00000000d5a80000,0x00000000d5b28000,0x00000000d5b80000)
  to   space 1024K, 0% used [0x00000000d5b80000,0x00000000d5b80000,0x00000000d5c80000)
 ParOldGen       total 150016K, used 149765K [0x0000000080000000, 0x0000000089280000, 0x00000000d5580000)
  object space 150016K, 99% used [0x0000000080000000,0x00000000892414d0,0x0000000089280000)
 Metaspace       used 85049K, committed 87104K, reserved 1179648K
  class space    used 8544K, committed 9408K, reserved 1048576K
}
Event: 3193.645 GC heap before
{Heap before GC invocations=2591 (full 6):
 PSYoungGen      total 5632K, used 5280K [0x00000000d5580000, 0x00000000d5c80000, 0x0000000100000000)
  eden space 4608K, 100% used [0x00000000d5580000,0x00000000d5a00000,0x00000000d5a00000)
  from space 1024K, 65% used [0x00000000d5a80000,0x00000000d5b28000,0x00000000d5b80000)
  to   space 1024K, 0% used [0x00000000d5b80000,0x00000000d5b80000,0x00000000d5c80000)
 ParOldGen       total 150016K, used 149765K [0x0000000080000000, 0x0000000089280000, 0x00000000d5580000)
  object space 150016K, 99% used [0x0000000080000000,0x00000000892414d0,0x0000000089280000)
 Metaspace       used 85052K, committed 87104K, reserved 1179648K
  class space    used 8544K, committed 9408K, reserved 1048576K
}
Event: 3193.646 GC heap after
{Heap after GC invocations=2591 (full 6):
 PSYoungGen      total 5632K, used 698K [0x00000000d5580000, 0x00000000d5c80000, 0x0000000100000000)
  eden space 4608K, 0% used [0x00000000d5580000,0x00000000d5580000,0x00000000d5a00000)
  from space 1024K, 68% used [0x00000000d5b80000,0x00000000d5c2e900,0x00000000d5c80000)
  to   space 1024K, 0% used [0x00000000d5a80000,0x00000000d5a80000,0x00000000d5b80000)
 ParOldGen       total 150528K, used 150261K [0x0000000080000000, 0x0000000089300000, 0x00000000d5580000)
  object space 150528K, 99% used [0x0000000080000000,0x00000000892bd530,0x0000000089300000)
 Metaspace       used 85052K, committed 87104K, reserved 1179648K
  class space    used 8544K, committed 9408K, reserved 1048576K
}
Event: 3193.664 GC heap before
{Heap before GC invocations=2592 (full 6):
 PSYoungGen      total 5632K, used 5306K [0x00000000d5580000, 0x00000000d5c80000, 0x0000000100000000)
  eden space 4608K, 100% used [0x00000000d5580000,0x00000000d5a00000,0x00000000d5a00000)
  from space 1024K, 68% used [0x00000000d5b80000,0x00000000d5c2e900,0x00000000d5c80000)
  to   space 1024K, 0% used [0x00000000d5a80000,0x00000000d5a80000,0x00000000d5b80000)
 ParOldGen       total 150528K, used 150261K [0x0000000080000000, 0x0000000089300000, 0x00000000d5580000)
  object space 150528K, 99% used [0x0000000080000000,0x00000000892bd530,0x0000000089300000)
 Metaspace       used 85052K, committed 87104K, reserved 1179648K
  class space    used 8544K, committed 9408K, reserved 1048576K
}
Event: 3193.665 GC heap after
{Heap after GC invocations=2592 (full 6):
 PSYoungGen      total 5632K, used 1008K [0x00000000d5580000, 0x00000000d5e00000, 0x0000000100000000)
  eden space 4608K, 0% used [0x00000000d5580000,0x00000000d5580000,0x00000000d5a00000)
  from space 1024K, 98% used [0x00000000d5a80000,0x00000000d5b7c010,0x00000000d5b80000)
  to   space 2048K, 0% used [0x00000000d5c00000,0x00000000d5c00000,0x00000000d5e00000)
 ParOldGen       total 151040K, used 150855K [0x0000000080000000, 0x0000000089380000, 0x00000000d5580000)
  object space 151040K, 99% used [0x0000000080000000,0x0000000089351e60,0x0000000089380000)
 Metaspace       used 85052K, committed 87104K, reserved 1179648K
  class space    used 8544K, committed 9408K, reserved 1048576K
}
Event: 3193.678 GC heap before
{Heap before GC invocations=2593 (full 6):
 PSYoungGen      total 5632K, used 5616K [0x00000000d5580000, 0x00000000d5e00000, 0x0000000100000000)
  eden space 4608K, 100% used [0x00000000d5580000,0x00000000d5a00000,0x00000000d5a00000)
  from space 1024K, 98% used [0x00000000d5a80000,0x00000000d5b7c010,0x00000000d5b80000)
  to   space 2048K, 0% used [0x00000000d5c00000,0x00000000d5c00000,0x00000000d5e00000)
 ParOldGen       total 151040K, used 150855K [0x0000000080000000, 0x0000000089380000, 0x00000000d5580000)
  object space 151040K, 99% used [0x0000000080000000,0x0000000089351e60,0x0000000089380000)
 Metaspace       used 85052K, committed 87104K, reserved 1179648K
  class space    used 8544K, committed 9408K, reserved 1048576K
}
Event: 3193.679 GC heap after
{Heap after GC invocations=2593 (full 6):
 PSYoungGen      total 5632K, used 688K [0x00000000d5580000, 0x00000000d5d00000, 0x0000000100000000)
  eden space 4608K, 0% used [0x00000000d5580000,0x00000000d5580000,0x00000000d5a00000)
  from space 1024K, 67% used [0x00000000d5c00000,0x00000000d5cac010,0x00000000d5d00000)
  to   space 1024K, 0% used [0x00000000d5a80000,0x00000000d5a80000,0x00000000d5b80000)
 ParOldGen       total 152064K, used 151735K [0x0000000080000000, 0x0000000089480000, 0x00000000d5580000)
  object space 152064K, 99% used [0x0000000080000000,0x000000008942dca0,0x0000000089480000)
 Metaspace       used 85052K, committed 87104K, reserved 1179648K
  class space    used 8544K, committed 9408K, reserved 1048576K
}
Event: 3193.690 GC heap before
{Heap before GC invocations=2594 (full 6):
 PSYoungGen      total 5632K, used 5296K [0x00000000d5580000, 0x00000000d5d00000, 0x0000000100000000)
  eden space 4608K, 100% used [0x00000000d5580000,0x00000000d5a00000,0x00000000d5a00000)
  from space 1024K, 67% used [0x00000000d5c00000,0x00000000d5cac010,0x00000000d5d00000)
  to   space 1024K, 0% used [0x00000000d5a80000,0x00000000d5a80000,0x00000000d5b80000)
 ParOldGen       total 152064K, used 151735K [0x0000000080000000, 0x0000000089480000, 0x00000000d5580000)
  object space 152064K, 99% used [0x0000000080000000,0x000000008942dca0,0x0000000089480000)
 Metaspace       used 85052K, committed 87104K, reserved 1179648K
  class space    used 8544K, committed 9408K, reserved 1048576K
}
Event: 3193.692 GC heap after
{Heap after GC invocations=2594 (full 6):
 PSYoungGen      total 5632K, used 512K [0x00000000d5580000, 0x00000000d5c80000, 0x0000000100000000)
  eden space 4608K, 0% used [0x00000000d5580000,0x00000000d5580000,0x00000000d5a00000)
  from space 1024K, 50% used [0x00000000d5a80000,0x00000000d5b00000,0x00000000d5b80000)
  to   space 1024K, 0% used [0x00000000d5b80000,0x00000000d5b80000,0x00000000d5c80000)
 ParOldGen       total 152576K, used 152287K [0x0000000080000000, 0x0000000089500000, 0x00000000d5580000)
  object space 152576K, 99% used [0x0000000080000000,0x00000000894b7ce0,0x0000000089500000)
 Metaspace       used 85052K, committed 87104K, reserved 1179648K
  class space    used 8544K, committed 9408K, reserved 1048576K
}
Event: 3193.711 GC heap before
{Heap before GC invocations=2595 (full 6):
 PSYoungGen      total 5632K, used 5120K [0x00000000d5580000, 0x00000000d5c80000, 0x0000000100000000)
  eden space 4608K, 100% used [0x00000000d5580000,0x00000000d5a00000,0x00000000d5a00000)
  from space 1024K, 50% used [0x00000000d5a80000,0x00000000d5b00000,0x00000000d5b80000)
  to   space 1024K, 0% used [0x00000000d5b80000,0x00000000d5b80000,0x00000000d5c80000)
 ParOldGen       total 152576K, used 152287K [0x0000000080000000, 0x0000000089500000, 0x00000000d5580000)
  object space 152576K, 99% used [0x0000000080000000,0x00000000894b7ce0,0x0000000089500000)
 Metaspace       used 85052K, committed 87104K, reserved 1179648K
  class space    used 8544K, committed 9408K, reserved 1048576K
}
Event: 3193.713 GC heap after
{Heap after GC invocations=2595 (full 6):
 PSYoungGen      total 5632K, used 688K [0x00000000d5580000, 0x00000000d5c80000, 0x0000000100000000)
  eden space 4608K, 0% used [0x00000000d5580000,0x00000000d5580000,0x00000000d5a00000)
  from space 1024K, 67% used [0x00000000d5b80000,0x00000000d5c2c010,0x00000000d5c80000)
  to   space 1024K, 0% used [0x00000000d5a80000,0x00000000d5a80000,0x00000000d5b80000)
 ParOldGen       total 153088K, used 152663K [0x0000000080000000, 0x0000000089580000, 0x00000000d5580000)
  object space 153088K, 99% used [0x0000000080000000,0x0000000089515d20,0x0000000089580000)
 Metaspace       used 85052K, committed 87104K, reserved 1179648K
  class space    used 8544K, committed 9408K, reserved 1048576K
}
Event: 3193.729 GC heap before
{Heap before GC invocations=2596 (full 6):
 PSYoungGen      total 5632K, used 5296K [0x00000000d5580000, 0x00000000d5c80000, 0x0000000100000000)
  eden space 4608K, 100% used [0x00000000d5580000,0x00000000d5a00000,0x00000000d5a00000)
  from space 1024K, 67% used [0x00000000d5b80000,0x00000000d5c2c010,0x00000000d5c80000)
  to   space 1024K, 0% used [0x00000000d5a80000,0x00000000d5a80000,0x00000000d5b80000)
 ParOldGen       total 153088K, used 152663K [0x0000000080000000, 0x0000000089580000, 0x00000000d5580000)
  object space 153088K, 99% used [0x0000000080000000,0x0000000089515d20,0x0000000089580000)
 Metaspace       used 85055K, committed 87104K, reserved 1179648K
  class space    used 8544K, committed 9408K, reserved 1048576K
}
Event: 3193.730 GC heap after
{Heap after GC invocations=2596 (full 6):
 PSYoungGen      total 5632K, used 576K [0x00000000d5580000, 0x00000000d5c00000, 0x0000000100000000)
  eden space 4608K, 0% used [0x00000000d5580000,0x00000000d5580000,0x00000000d5a00000)
  from space 1024K, 56% used [0x00000000d5a80000,0x00000000d5b10000,0x00000000d5b80000)
  to   space 512K, 0% used [0x00000000d5b80000,0x00000000d5b80000,0x00000000d5c00000)
 ParOldGen       total 153600K, used 153239K [0x0000000080000000, 0x0000000089600000, 0x00000000d5580000)
  object space 153600K, 99% used [0x0000000080000000,0x00000000895a5d90,0x0000000089600000)
 Metaspace       used 85055K, committed 87104K, reserved 1179648K
  class space    used 8544K, committed 9408K, reserved 1048576K
}
Event: 3775.098 GC heap before
{Heap before GC invocations=2597 (full 6):
 PSYoungGen      total 5632K, used 5184K [0x00000000d5580000, 0x00000000d5c00000, 0x0000000100000000)
  eden space 4608K, 100% used [0x00000000d5580000,0x00000000d5a00000,0x00000000d5a00000)
  from space 1024K, 56% used [0x00000000d5a80000,0x00000000d5b10000,0x00000000d5b80000)
  to   space 512K, 0% used [0x00000000d5b80000,0x00000000d5b80000,0x00000000d5c00000)
 ParOldGen       total 153600K, used 153239K [0x0000000080000000, 0x0000000089600000, 0x00000000d5580000)
  object space 153600K, 99% used [0x0000000080000000,0x00000000895a5d90,0x0000000089600000)
 Metaspace       used 85068K, committed 87104K, reserved 1179648K
  class space    used 8544K, committed 9408K, reserved 1048576K
}
Event: 3775.100 GC heap after
{Heap after GC invocations=2597 (full 6):
 PSYoungGen      total 5120K, used 416K [0x00000000d5580000, 0x00000000d5c00000, 0x0000000100000000)
  eden space 4608K, 0% used [0x00000000d5580000,0x00000000d5580000,0x00000000d5a00000)
  from space 512K, 81% used [0x00000000d5b80000,0x00000000d5be8000,0x00000000d5c00000)
  to   space 512K, 0% used [0x00000000d5b00000,0x00000000d5b00000,0x00000000d5b80000)
 ParOldGen       total 154112K, used 153691K [0x0000000080000000, 0x0000000089680000, 0x00000000d5580000)
  object space 154112K, 99% used [0x0000000080000000,0x0000000089616de0,0x0000000089680000)
 Metaspace       used 85068K, committed 87104K, reserved 1179648K
  class space    used 8544K, committed 9408K, reserved 1048576K
}

Dll operation events (14 events):
Event: 0.618 Loaded shared library c:\Users\jinub\.antigravity-ide\extensions\redhat.java-1.55.0-win32-x64\jre\21.0.11-win32-x86_64\bin\java.dll
Event: 0.721 Loaded shared library c:\Users\jinub\.antigravity-ide\extensions\redhat.java-1.55.0-win32-x64\jre\21.0.11-win32-x86_64\bin\zip.dll
Event: 0.757 Loaded shared library C:\Users\jinub\.antigravity-ide\extensions\redhat.java-1.55.0-win32-x64\jre\21.0.11-win32-x86_64\bin\instrument.dll
Event: 0.767 Loaded shared library C:\Users\jinub\.antigravity-ide\extensions\redhat.java-1.55.0-win32-x64\jre\21.0.11-win32-x86_64\bin\net.dll
Event: 0.770 Loaded shared library C:\Users\jinub\.antigravity-ide\extensions\redhat.java-1.55.0-win32-x64\jre\21.0.11-win32-x86_64\bin\nio.dll
Event: 0.776 Loaded shared library C:\Users\jinub\.antigravity-ide\extensions\redhat.java-1.55.0-win32-x64\jre\21.0.11-win32-x86_64\bin\zip.dll
Event: 0.801 Loaded shared library C:\Users\jinub\.antigravity-ide\extensions\redhat.java-1.55.0-win32-x64\jre\21.0.11-win32-x86_64\bin\jimage.dll
Event: 0.913 Loaded shared library c:\Users\jinub\.antigravity-ide\extensions\redhat.java-1.55.0-win32-x64\jre\21.0.11-win32-x86_64\bin\verify.dll
Event: 6.171 Loaded shared library C:\Users\jinub\AppData\Roaming\Antigravity IDE\User\globalStorage\redhat.java\1.55.0\config_win\org.eclipse.equinox.launcher\org.eclipse.equinox.launcher.win32.win32.x86_64_1.3.100.v20260613-0559\eclipse_11924.dll
Event: 11.411 Loaded shared library C:\Users\jinub\.antigravity-ide\extensions\redhat.java-1.55.0-win32-x64\jre\21.0.11-win32-x86_64\bin\management.dll
Event: 11.416 Loaded shared library C:\Users\jinub\.antigravity-ide\extensions\redhat.java-1.55.0-win32-x64\jre\21.0.11-win32-x86_64\bin\management_ext.dll
Event: 13.384 Loaded shared library C:\Users\jinub\AppData\Local\Temp\jna-101130716\jna7011652663291907144.dll
Event: 14.061 Loaded shared library C:\Users\jinub\.antigravity-ide\extensions\redhat.java-1.55.0-win32-x64\jre\21.0.11-win32-x86_64\bin\sunmscapi.dll
Event: 14.354 Loaded shared library C:\Users\jinub\.antigravity-ide\extensions\redhat.java-1.55.0-win32-x64\jre\21.0.11-win32-x86_64\bin\extnet.dll

Deoptimization events (20 events):
Event: 3193.612 Thread 0x000002b0ce6422c0 Uncommon trap: trap_request=0xffffffcc fr.pc=0x000002b0f705f030 relative=0x0000000000004ed0
Event: 3193.612 Thread 0x000002b0ce6422c0 Uncommon trap: reason=intrinsic_or_type_checked_inlining action=make_not_entrant pc=0x000002b0f705f030 method=org.eclipse.jdt.internal.compiler.lookup.BoundSet$ThreeSets.flattenInto([Lorg/eclipse/jdt/internal/compiler/lookup/TypeBound;I)I @ 104 c2
Event: 3193.612 Thread 0x000002b0ce6422c0 DEOPT PACKING pc=0x000002b0f705f030 sp=0x000000c1f35fd2e0
Event: 3193.612 Thread 0x000002b0ce6422c0 DEOPT UNPACKING pc=0x000002b0f6523aa2 sp=0x000000c1f35fd190 mode 2
Event: 3437.050 Thread 0x000002b0ce6422c0 Uncommon trap: trap_request=0xffffff45 fr.pc=0x000002b0f7cefc3c relative=0x000000000000431c
Event: 3437.050 Thread 0x000002b0ce6422c0 Uncommon trap: reason=unstable_if action=reinterpret pc=0x000002b0f7cefc3c method=java.io.ClassCache.processQueue()V @ 9 c2
Event: 3437.050 Thread 0x000002b0ce6422c0 DEOPT PACKING pc=0x000002b0f7cefc3c sp=0x000000c1f35fea10
Event: 3437.050 Thread 0x000002b0ce6422c0 DEOPT UNPACKING pc=0x000002b0f6523aa2 sp=0x000000c1f35fe8b8 mode 2
Event: 3437.051 Thread 0x000002b0ce6422c0 Uncommon trap: trap_request=0xffffff45 fr.pc=0x000002b0f6cde00c relative=0x000000000000014c
Event: 3437.051 Thread 0x000002b0ce6422c0 Uncommon trap: reason=unstable_if action=reinterpret pc=0x000002b0f6cde00c method=java.lang.ClassValue.match(Ljava/lang/ClassValue$Entry;)Z @ 12 c2
Event: 3437.051 Thread 0x000002b0ce6422c0 DEOPT PACKING pc=0x000002b0f6cde00c sp=0x000000c1f35fe900
Event: 3437.051 Thread 0x000002b0ce6422c0 DEOPT UNPACKING pc=0x000002b0f6523aa2 sp=0x000000c1f35fe840 mode 2
Event: 3437.051 Thread 0x000002b0ce6422c0 Uncommon trap: trap_request=0xffffff45 fr.pc=0x000002b0f73cc190 relative=0x0000000000000510
Event: 3437.051 Thread 0x000002b0ce6422c0 Uncommon trap: reason=unstable_if action=reinterpret pc=0x000002b0f73cc190 method=java.lang.ClassValue.match(Ljava/lang/ClassValue$Entry;)Z @ 12 c2
Event: 3437.051 Thread 0x000002b0ce6422c0 DEOPT PACKING pc=0x000002b0f73cc190 sp=0x000000c1f35fe6d0
Event: 3437.051 Thread 0x000002b0ce6422c0 DEOPT UNPACKING pc=0x000002b0f6523aa2 sp=0x000000c1f35fe528 mode 2
Event: 3437.051 Thread 0x000002b0ce6422c0 Uncommon trap: trap_request=0xffffff45 fr.pc=0x000002b0f73cd37c relative=0x00000000000004fc
Event: 3437.051 Thread 0x000002b0ce6422c0 Uncommon trap: reason=unstable_if action=reinterpret pc=0x000002b0f73cd37c method=java.lang.ClassValue.match(Ljava/lang/ClassValue$Entry;)Z @ 12 c2
Event: 3437.051 Thread 0x000002b0ce6422c0 DEOPT PACKING pc=0x000002b0f73cd37c sp=0x000000c1f35fe140
Event: 3437.051 Thread 0x000002b0ce6422c0 DEOPT UNPACKING pc=0x000002b0f6523aa2 sp=0x000000c1f35fe010 mode 2

Classes loaded (20 events):
Event: 500.542 Loading class java/io/ObjectStreamClass$RecordSupport
Event: 500.543 Loading class java/io/ObjectStreamClass$RecordSupport done
Event: 500.544 Loading class java/io/ObjectStreamClass$DeserializationConstructorsCache$Key$Lookup
Event: 500.544 Loading class java/io/ObjectStreamClass$DeserializationConstructorsCache$Key
Event: 500.544 Loading class java/io/ObjectStreamClass$DeserializationConstructorsCache$Key done
Event: 500.545 Loading class java/io/ObjectStreamClass$DeserializationConstructorsCache$Key$Lookup done
Event: 500.549 Loading class java/lang/invoke/BoundMethodHandle$Species_LIL
Event: 500.549 Loading class java/lang/invoke/BoundMethodHandle$Species_LIL done
Event: 500.553 Loading class java/io/ObjectStreamClass$DeserializationConstructorsCache$Key$Impl
Event: 500.553 Loading class java/io/ObjectStreamClass$DeserializationConstructorsCache$Key$Impl done
Event: 1239.957 Loading class jdk/internal/module/IllegalAccessLogger
Event: 1239.957 Loading class jdk/internal/module/IllegalAccessLogger done
Event: 3154.529 Loading class jdk/internal/module/IllegalAccessLogger
Event: 3154.529 Loading class jdk/internal/module/IllegalAccessLogger done
Event: 3170.854 Loading class jdk/internal/module/IllegalAccessLogger
Event: 3170.854 Loading class jdk/internal/module/IllegalAccessLogger done
Event: 3182.538 Loading class jdk/internal/module/IllegalAccessLogger
Event: 3182.538 Loading class jdk/internal/module/IllegalAccessLogger done
Event: 3192.875 Loading class jdk/internal/module/IllegalAccessLogger
Event: 3192.875 Loading class jdk/internal/module/IllegalAccessLogger done

Classes unloaded (20 events):
Event: 3192.473 Thread 0x000002b0fe831b20 Unloading class 0x000002b08500d800 'java/lang/invoke/LambdaForm$MH+0x000002b08500d800'
Event: 3192.473 Thread 0x000002b0fe831b20 Unloading class 0x000002b08500d400 'java/lang/invoke/LambdaForm$MH+0x000002b08500d400'
Event: 3192.473 Thread 0x000002b0fe831b20 Unloading class 0x000002b08500d000 'java/lang/invoke/LambdaForm$MH+0x000002b08500d000'
Event: 3192.473 Thread 0x000002b0fe831b20 Unloading class 0x000002b08500cc00 'java/lang/invoke/LambdaForm$MH+0x000002b08500cc00'
Event: 3192.473 Thread 0x000002b0fe831b20 Unloading class 0x000002b08500c800 'java/lang/invoke/LambdaForm$BMH+0x000002b08500c800'
Event: 3192.473 Thread 0x000002b0fe831b20 Unloading class 0x000002b08500c000 'java/lang/invoke/LambdaForm$DMH+0x000002b08500c000'
Event: 3192.473 Thread 0x000002b0fe831b20 Unloading class 0x000002b085008c00 'java/lang/invoke/LambdaForm$MH+0x000002b085008c00'
Event: 3192.473 Thread 0x000002b0fe831b20 Unloading class 0x000002b085008800 'java/lang/invoke/LambdaForm$MH+0x000002b085008800'
Event: 3192.473 Thread 0x000002b0fe831b20 Unloading class 0x000002b085008400 'java/lang/invoke/LambdaForm$MH+0x000002b085008400'
Event: 3192.473 Thread 0x000002b0fe831b20 Unloading class 0x000002b085007000 'java/lang/invoke/LambdaForm$MH+0x000002b085007000'
Event: 3192.473 Thread 0x000002b0fe831b20 Unloading class 0x000002b085006800 'java/lang/invoke/LambdaForm$MH+0x000002b085006800'
Event: 3192.473 Thread 0x000002b0fe831b20 Unloading class 0x000002b085006400 'java/lang/invoke/LambdaForm$MH+0x000002b085006400'
Event: 3192.473 Thread 0x000002b0fe831b20 Unloading class 0x000002b085006000 'java/lang/invoke/LambdaForm$MH+0x000002b085006000'
Event: 3192.473 Thread 0x000002b0fe831b20 Unloading class 0x000002b085005c00 'java/lang/invoke/LambdaForm$BMH+0x000002b085005c00'
Event: 3192.473 Thread 0x000002b0fe831b20 Unloading class 0x000002b085004800 'java/lang/invoke/LambdaForm$DMH+0x000002b085004800'
Event: 3192.473 Thread 0x000002b0fe831b20 Unloading class 0x000002b085002800 'java/lang/invoke/LambdaForm$MH+0x000002b085002800'
Event: 3192.473 Thread 0x000002b0fe831b20 Unloading class 0x000002b085002400 'java/lang/invoke/LambdaForm$MH+0x000002b085002400'
Event: 3192.473 Thread 0x000002b0fe831b20 Unloading class 0x000002b085002000 'java/lang/invoke/LambdaForm$MH+0x000002b085002000'
Event: 3192.473 Thread 0x000002b0fe831b20 Unloading class 0x000002b085001800 'java/lang/invoke/LambdaForm$MH+0x000002b085001800'
Event: 3192.473 Thread 0x000002b0fe831b20 Unloading class 0x000002b085000400 'java/lang/invoke/LambdaForm$MH+0x000002b085000400'

Classes redefined (0 events):
No events

Internal exceptions (20 events):
Event: 799.346 Thread 0x000002b0cf40c140 Exception <a 'sun/nio/fs/WindowsException'{0x00000000d5b58ca8}> (0x00000000d5b58ca8) 
thrown [s\src\hotspot\share\prims\jni.cpp, line 520]
Event: 799.346 Thread 0x000002b0cf40c140 Exception <a 'sun/nio/fs/WindowsException'{0x00000000d5b597f8}> (0x00000000d5b597f8) 
thrown [s\src\hotspot\share\prims\jni.cpp, line 520]
Event: 1239.636 Thread 0x000002b0caa5f440 Exception <a 'sun/nio/fs/WindowsException'{0x00000000d58ae098}> (0x00000000d58ae098) 
thrown [s\src\hotspot\share\prims\jni.cpp, line 520]
Event: 1239.743 Thread 0x000002b0ce6415a0 Exception <a 'sun/nio/fs/WindowsException'{0x00000000d558e800}> (0x00000000d558e800) 
thrown [s\src\hotspot\share\prims\jni.cpp, line 520]
Event: 1239.743 Thread 0x000002b0ce6415a0 Exception <a 'sun/nio/fs/WindowsException'{0x00000000d55997d0}> (0x00000000d55997d0) 
thrown [s\src\hotspot\share\prims\jni.cpp, line 520]
Event: 1239.977 Thread 0x000002b0caa5f440 Exception <a 'sun/nio/fs/WindowsException'{0x00000000d5836d78}> (0x00000000d5836d78) 
thrown [s\src\hotspot\share\prims\jni.cpp, line 520]
Event: 1539.706 Thread 0x000002b0cf40c140 Exception <a 'sun/nio/fs/WindowsException'{0x00000000d58bd028}> (0x00000000d58bd028) 
thrown [s\src\hotspot\share\prims\jni.cpp, line 520]
Event: 1539.706 Thread 0x000002b0cf40c140 Exception <a 'sun/nio/fs/WindowsException'{0x00000000d58bdb78}> (0x00000000d58bdb78) 
thrown [s\src\hotspot\share\prims\jni.cpp, line 520]
Event: 1839.890 Thread 0x000002b0ce6422c0 Exception <a 'sun/nio/fs/WindowsException'{0x00000000d567b578}> (0x00000000d567b578) 
thrown [s\src\hotspot\share\prims\jni.cpp, line 520]
Event: 1839.890 Thread 0x000002b0ce6422c0 Exception <a 'sun/nio/fs/WindowsException'{0x00000000d567c0c8}> (0x00000000d567c0c8) 
thrown [s\src\hotspot\share\prims\jni.cpp, line 520]
Event: 3154.310 Thread 0x000002b0caa5f440 Exception <a 'sun/nio/fs/WindowsException'{0x00000000d587b238}> (0x00000000d587b238) 
thrown [s\src\hotspot\share\prims\jni.cpp, line 520]
Event: 3154.606 Thread 0x000002b0caa5f440 Exception <a 'sun/nio/fs/WindowsException'{0x00000000d563cb08}> (0x00000000d563cb08) 
thrown [s\src\hotspot\share\prims\jni.cpp, line 520]
Event: 3170.646 Thread 0x000002b0caa5f440 Exception <a 'sun/nio/fs/WindowsException'{0x00000000d5aa5c28}> (0x00000000d5aa5c28) 
thrown [s\src\hotspot\share\prims\jni.cpp, line 520]
Event: 3170.921 Thread 0x000002b0caa5f440 Exception <a 'sun/nio/fs/WindowsException'{0x00000000d5aa77c0}> (0x00000000d5aa77c0) 
thrown [s\src\hotspot\share\prims\jni.cpp, line 520]
Event: 3182.265 Thread 0x000002b0caa5f440 Exception <a 'sun/nio/fs/WindowsException'{0x00000000d5824ea8}> (0x00000000d5824ea8) 
thrown [s\src\hotspot\share\prims\jni.cpp, line 520]
Event: 3182.545 Thread 0x000002b0caa5f440 Exception <a 'sun/nio/fs/WindowsException'{0x00000000d57f6968}> (0x00000000d57f6968) 
thrown [s\src\hotspot\share\prims\jni.cpp, line 520]
Event: 3192.216 Thread 0x000002b0caa5f440 Exception <a 'sun/nio/fs/WindowsException'{0x00000000d56e4850}> (0x00000000d56e4850) 
thrown [s\src\hotspot\share\prims\jni.cpp, line 520]
Event: 3192.940 Thread 0x000002b0caa5f440 Exception <a 'sun/nio/fs/WindowsException'{0x00000000d584d840}> (0x00000000d584d840) 
thrown [s\src\hotspot\share\prims\jni.cpp, line 520]
Event: 3437.045 Thread 0x000002b0ce6422c0 Exception <a 'sun/nio/fs/WindowsException'{0x00000000d574bec0}> (0x00000000d574bec0) 
thrown [s\src\hotspot\share\prims\jni.cpp, line 520]
Event: 3437.045 Thread 0x000002b0ce6422c0 Exception <a 'sun/nio/fs/WindowsException'{0x00000000d574ca10}> (0x00000000d574ca10) 
thrown [s\src\hotspot\share\prims\jni.cpp, line 520]

ZGC Phase Switch (0 events):
No events

VM Operations (20 events):
Event: 3193.711 Executing safepoint VM operation: ParallelGCFailedAllocation (Allocation Failure)
Event: 3193.713 Executing safepoint VM operation: ParallelGCFailedAllocation (Allocation Failure) done
Event: 3193.728 Executing safepoint VM operation: ParallelGCFailedAllocation (Allocation Failure)
Event: 3193.730 Executing safepoint VM operation: ParallelGCFailedAllocation (Allocation Failure) done
Event: 3194.731 Executing safepoint VM operation: Cleanup
Event: 3194.731 Executing safepoint VM operation: Cleanup done
Event: 3246.186 Executing non-safepoint VM operation: HandshakeAllThreads (HandshakeForDeflation)
Event: 3246.186 Executing non-safepoint VM operation: HandshakeAllThreads (HandshakeForDeflation) done
Event: 3246.186 Executing non-safepoint VM operation: RendezvousGCThreads
Event: 3246.186 Executing non-safepoint VM operation: RendezvousGCThreads done
Event: 3335.617 Executing safepoint VM operation: Cleanup
Event: 3335.617 Executing safepoint VM operation: Cleanup done
Event: 3362.796 Executing safepoint VM operation: Cleanup
Event: 3362.796 Executing safepoint VM operation: Cleanup done
Event: 3437.269 Executing safepoint VM operation: Cleanup
Event: 3437.269 Executing safepoint VM operation: Cleanup done
Event: 3775.098 Executing safepoint VM operation: ParallelGCFailedAllocation (Allocation Failure)
Event: 3775.100 Executing safepoint VM operation: ParallelGCFailedAllocation (Allocation Failure) done
Event: 3883.852 Executing safepoint VM operation: Cleanup
Event: 3883.852 Executing safepoint VM operation: Cleanup done

Memory protections (0 events):
No events

Nmethod flushes (20 events):
Event: 3192.613 Thread 0x000002b0fe831b20 flushing  nmethod 0x000002b0f16a5c10
Event: 3192.613 Thread 0x000002b0fe831b20 flushing  nmethod 0x000002b0f16d9390
Event: 3192.613 Thread 0x000002b0fe831b20 flushing  nmethod 0x000002b0f16e0390
Event: 3192.613 Thread 0x000002b0fe831b20 flushing  nmethod 0x000002b0f178a410
Event: 3192.613 Thread 0x000002b0fe831b20 flushing  nmethod 0x000002b0f178cb10
Event: 3192.613 Thread 0x000002b0fe831b20 flushing  nmethod 0x000002b0f179f510
Event: 3192.613 Thread 0x000002b0fe831b20 flushing  nmethod 0x000002b0f17ab010
Event: 3192.613 Thread 0x000002b0fe831b20 flushing  nmethod 0x000002b0f1825e10
Event: 3192.613 Thread 0x000002b0fe831b20 flushing  nmethod 0x000002b0f1854990
Event: 3192.613 Thread 0x000002b0fe831b20 flushing  nmethod 0x000002b0f1866c90
Event: 3192.613 Thread 0x000002b0fe831b20 flushing  nmethod 0x000002b0f1885e90
Event: 3192.613 Thread 0x000002b0fe831b20 flushing  nmethod 0x000002b0f18dac90
Event: 3192.613 Thread 0x000002b0fe831b20 flushing  nmethod 0x000002b0f1904a90
Event: 3192.613 Thread 0x000002b0fe831b20 flushing  nmethod 0x000002b0f1905b10
Event: 3192.613 Thread 0x000002b0fe831b20 flushing  nmethod 0x000002b0f1910d90
Event: 3192.613 Thread 0x000002b0fe831b20 flushing  nmethod 0x000002b0f1916390
Event: 3192.613 Thread 0x000002b0fe831b20 flushing  nmethod 0x000002b0f191c190
Event: 3192.613 Thread 0x000002b0fe831b20 flushing  nmethod 0x000002b0f1996e10
Event: 3192.613 Thread 0x000002b0fe831b20 flushing  nmethod 0x000002b0f19e3210
Event: 3192.613 Thread 0x000002b0fe831b20 flushing  nmethod 0x000002b0f1a06e10

Events (20 events):
Event: 3437.036 Thread 0x000002b0ce6422c0 Thread added: 0x000002b0ca52e2b0
Event: 3437.043 Thread 0x000002b0ce6422c0 Thread added: 0x000002b0ca52c870
Event: 3437.043 Thread 0x000002b0ca52c870 Thread exited: 0x000002b0ca52c870
Event: 3437.048 Thread 0x000002b0ce6422c0 Thread added: 0x000002b0ca52b4c0
Event: 3437.049 Thread 0x000002b0ca52b4c0 Thread exited: 0x000002b0ca52b4c0
Event: 3437.055 Thread 0x000002b0ffbb8e70 Thread added: 0x000002b0ce9bf800
Event: 3437.167 Thread 0x000002b0ce63fb60 Thread exited: 0x000002b0ce63fb60
Event: 3442.252 Thread 0x000002b0ce9bf800 Thread exited: 0x000002b0ce9bf800
Event: 3454.460 Thread 0x000002b0ce642950 Thread exited: 0x000002b0ce642950
Event: 3470.796 Thread 0x000002b0ce6415a0 Thread exited: 0x000002b0ce6415a0
Event: 3470.892 Thread 0x000002b0ce643d00 Thread exited: 0x000002b0ce643d00
Event: 3470.892 Thread 0x000002b0ce644390 Thread exited: 0x000002b0ce644390
Event: 3470.892 Thread 0x000002b0ce642fe0 Thread exited: 0x000002b0ce642fe0
Event: 3471.002 Thread 0x000002b0ce644a20 Thread exited: 0x000002b0ce644a20
Event: 3471.002 Thread 0x000002b0ce646af0 Thread exited: 0x000002b0ce646af0
Event: 3471.002 Thread 0x000002b0ce640f10 Thread exited: 0x000002b0ce640f10
Event: 3482.493 Thread 0x000002b0ce645dd0 Thread exited: 0x000002b0ce645dd0
Event: 3492.368 Thread 0x000002b0ca52e940 Thread exited: 0x000002b0ca52e940
Event: 3516.675 Thread 0x000002b0ca531dc0 Thread exited: 0x000002b0ca531dc0
Event: 3816.688 Thread 0x000002b0ca52fcf0 Thread exited: 0x000002b0ca52fcf0


Dynamic libraries:
0x00007ff6b0370000 - 0x00007ff6b037e000 	c:\Users\jinub\.antigravity-ide\extensions\redhat.java-1.55.0-win32-x64\jre\21.0.11-win32-x86_64\bin\java.exe
0x00007ffcbc380000 - 0x00007ffcbc5e6000 	C:\WINDOWS\SYSTEM32\ntdll.dll
0x00007ffc91580000 - 0x00007ffc915a1000 	C:\Program Files\Avast Software\Suite\aswhook.dll
0x00007ffcbbaa0000 - 0x00007ffcbbb69000 	C:\WINDOWS\System32\KERNEL32.DLL
0x00007ffcb9900000 - 0x00007ffcb9cfe000 	C:\WINDOWS\System32\KERNELBASE.dll
0x00007ffcb97a0000 - 0x00007ffcb98ec000 	C:\WINDOWS\System32\ucrtbase.dll
0x00007ffbfedf0000 - 0x00007ffbfee08000 	c:\Users\jinub\.antigravity-ide\extensions\redhat.java-1.55.0-win32-x64\jre\21.0.11-win32-x86_64\bin\jli.dll
0x00007ffcbc170000 - 0x00007ffcbc337000 	C:\WINDOWS\System32\USER32.dll
0x00007ffcb9d10000 - 0x00007ffcb9d37000 	C:\WINDOWS\System32\win32u.dll
0x00007ffcbb660000 - 0x00007ffcbb68b000 	C:\WINDOWS\System32\GDI32.dll
0x00007ffcb9f80000 - 0x00007ffcba0aa000 	C:\WINDOWS\System32\gdi32full.dll
0x00007ffbc6ac0000 - 0x00007ffbc6ade000 	c:\Users\jinub\.antigravity-ide\extensions\redhat.java-1.55.0-win32-x64\jre\21.0.11-win32-x86_64\bin\VCRUNTIME140.dll
0x00007ffcb9630000 - 0x00007ffcb96d3000 	C:\WINDOWS\System32\msvcp_win.dll
0x00007ffc91e70000 - 0x00007ffc92102000 	C:\WINDOWS\WinSxS\amd64_microsoft.windows.common-controls_6595b64144ccf1df_6.0.26100.8875_none_3e0d5d42e32fe9dd\COMCTL32.dll
0x00007ffcbadb0000 - 0x00007ffcbae59000 	C:\WINDOWS\System32\msvcrt.dll
0x00007ffcbb7e0000 - 0x00007ffcbb812000 	C:\WINDOWS\System32\IMM32.DLL
0x00007ffbfe810000 - 0x00007ffbfe81c000 	c:\Users\jinub\.antigravity-ide\extensions\redhat.java-1.55.0-win32-x64\jre\21.0.11-win32-x86_64\bin\vcruntime140_1.dll
0x00007ffbb2c30000 - 0x00007ffbb2cbd000 	c:\Users\jinub\.antigravity-ide\extensions\redhat.java-1.55.0-win32-x64\jre\21.0.11-win32-x86_64\bin\msvcp140.dll
0x00007ffb8fbc0000 - 0x00007ffb90962000 	c:\Users\jinub\.antigravity-ide\extensions\redhat.java-1.55.0-win32-x64\jre\21.0.11-win32-x86_64\bin\server\jvm.dll
0x00007ffcba550000 - 0x00007ffcba607000 	C:\WINDOWS\System32\ADVAPI32.dll
0x00007ffcbb9f0000 - 0x00007ffcbba9a000 	C:\WINDOWS\System32\sechost.dll
0x00007ffcba3f0000 - 0x00007ffcba508000 	C:\WINDOWS\System32\RPCRT4.dll
0x00007ffcbb580000 - 0x00007ffcbb600000 	C:\WINDOWS\System32\WS2_32.dll
0x00007ffcb9400000 - 0x00007ffcb945e000 	C:\WINDOWS\SYSTEM32\POWRPROF.dll
0x00007ffcb2ec0000 - 0x00007ffcb2ef6000 	C:\WINDOWS\SYSTEM32\WINMM.dll
0x00007ffcb2f00000 - 0x00007ffcb2f0b000 	C:\WINDOWS\SYSTEM32\VERSION.dll
0x00007ffcb93e0000 - 0x00007ffcb93f4000 	C:\WINDOWS\SYSTEM32\UMPDC.dll
0x00007ffcb8280000 - 0x00007ffcb829b000 	C:\WINDOWS\SYSTEM32\kernel.appcore.dll
0x00007ffbfe4a0000 - 0x00007ffbfe4aa000 	c:\Users\jinub\.antigravity-ide\extensions\redhat.java-1.55.0-win32-x64\jre\21.0.11-win32-x86_64\bin\jimage.dll
0x00007ffcad680000 - 0x00007ffcad8c2000 	C:\WINDOWS\SYSTEM32\DBGHELP.DLL
0x00007ffcbbdd0000 - 0x00007ffcbc153000 	C:\WINDOWS\System32\combase.dll
0x00007ffcbb480000 - 0x00007ffcbb559000 	C:\WINDOWS\System32\OLEAUT32.dll
0x00007ffcac210000 - 0x00007ffcac24b000 	C:\WINDOWS\SYSTEM32\dbgcore.DLL
0x00007ffcb9d40000 - 0x00007ffcb9dec000 	C:\WINDOWS\System32\bcryptPrimitives.dll
0x00007ffbfdc50000 - 0x00007ffbfdc5f000 	c:\Users\jinub\.antigravity-ide\extensions\redhat.java-1.55.0-win32-x64\jre\21.0.11-win32-x86_64\bin\instrument.dll
0x00007ffbb6720000 - 0x00007ffbb6740000 	c:\Users\jinub\.antigravity-ide\extensions\redhat.java-1.55.0-win32-x64\jre\21.0.11-win32-x86_64\bin\java.dll
0x00007ffcba610000 - 0x00007ffcbada2000 	C:\WINDOWS\System32\SHELL32.dll
0x00007ffcb7010000 - 0x00007ffcb78a2000 	C:\WINDOWS\SYSTEM32\windows.storage.dll
0x00007ffcbae60000 - 0x00007ffcbaf57000 	C:\WINDOWS\System32\SHCORE.dll
0x00007ffcbb820000 - 0x00007ffcbb887000 	C:\WINDOWS\System32\shlwapi.dll
0x00007ffcb94c0000 - 0x00007ffcb94e9000 	C:\WINDOWS\SYSTEM32\profapi.dll
0x00007ffbb5b40000 - 0x00007ffbb5b58000 	c:\Users\jinub\.antigravity-ide\extensions\redhat.java-1.55.0-win32-x64\jre\21.0.11-win32-x86_64\bin\zip.dll
0x00007ffbfcdc0000 - 0x00007ffbfcdd0000 	C:\Users\jinub\.antigravity-ide\extensions\redhat.java-1.55.0-win32-x64\jre\21.0.11-win32-x86_64\bin\net.dll
0x00007ffcb0690000 - 0x00007ffcb07b7000 	C:\WINDOWS\SYSTEM32\WINHTTP.dll
0x00007ffcb8830000 - 0x00007ffcb889c000 	C:\WINDOWS\system32\mswsock.dll
0x00007ffbb5b20000 - 0x00007ffbb5b36000 	C:\Users\jinub\.antigravity-ide\extensions\redhat.java-1.55.0-win32-x64\jre\21.0.11-win32-x86_64\bin\nio.dll
0x00007ffbf12f0000 - 0x00007ffbf1300000 	c:\Users\jinub\.antigravity-ide\extensions\redhat.java-1.55.0-win32-x64\jre\21.0.11-win32-x86_64\bin\verify.dll
0x00007ffbb2860000 - 0x00007ffbb28a5000 	C:\Users\jinub\AppData\Roaming\Antigravity IDE\User\globalStorage\redhat.java\1.55.0\config_win\org.eclipse.equinox.launcher\org.eclipse.equinox.launcher.win32.win32.x86_64_1.3.100.v20260613-0559\eclipse_11924.dll
0x00007ffcba0c0000 - 0x00007ffcba259000 	C:\WINDOWS\System32\ole32.dll
0x00007ffbf0da0000 - 0x00007ffbf0daa000 	C:\Users\jinub\.antigravity-ide\extensions\redhat.java-1.55.0-win32-x64\jre\21.0.11-win32-x86_64\bin\management.dll
0x00007ffbf0ac0000 - 0x00007ffbf0acc000 	C:\Users\jinub\.antigravity-ide\extensions\redhat.java-1.55.0-win32-x64\jre\21.0.11-win32-x86_64\bin\management_ext.dll
0x00007ffcba510000 - 0x00007ffcba518000 	C:\WINDOWS\System32\PSAPI.DLL
0x00007ffcb8b50000 - 0x00007ffcb8b6b000 	C:\WINDOWS\SYSTEM32\CRYPTSP.dll
0x00007ffcb81e0000 - 0x00007ffcb8219000 	C:\WINDOWS\system32\rsaenh.dll
0x00007ffcb88f0000 - 0x00007ffcb8922000 	C:\WINDOWS\SYSTEM32\USERENV.dll
0x00007ffcb9490000 - 0x00007ffcb94ba000 	C:\WINDOWS\SYSTEM32\bcrypt.dll
0x00007ffcb8b30000 - 0x00007ffcb8b3c000 	C:\WINDOWS\SYSTEM32\CRYPTBASE.dll
0x00007ffcb7c50000 - 0x00007ffcb7c83000 	C:\WINDOWS\SYSTEM32\IPHLPAPI.DLL
0x00007ffcbc160000 - 0x00007ffcbc16a000 	C:\WINDOWS\System32\NSI.dll
0x00007ffbb27c0000 - 0x00007ffbb2809000 	C:\Users\jinub\AppData\Local\Temp\jna-101130716\jna7011652663291907144.dll
0x00007ffcb2910000 - 0x00007ffcb292d000 	C:\WINDOWS\SYSTEM32\dhcpcsvc6.DLL
0x00007ffcb2860000 - 0x00007ffcb2885000 	C:\WINDOWS\SYSTEM32\dhcpcsvc.DLL
0x00007ffbec970000 - 0x00007ffbec97e000 	C:\Users\jinub\.antigravity-ide\extensions\redhat.java-1.55.0-win32-x64\jre\21.0.11-win32-x86_64\bin\sunmscapi.dll
0x00007ffcb9e00000 - 0x00007ffcb9f78000 	C:\WINDOWS\System32\CRYPT32.dll
0x00007ffcb8d70000 - 0x00007ffcb8da0000 	C:\WINDOWS\SYSTEM32\ncrypt.dll
0x00007ffcb8d20000 - 0x00007ffcb8d5f000 	C:\WINDOWS\SYSTEM32\NTASN1.dll
0x00007ffcb7d00000 - 0x00007ffcb7e56000 	C:\WINDOWS\SYSTEM32\DNSAPI.dll
0x00007ffcb8630000 - 0x00007ffcb863d000 	C:\WINDOWS\SYSTEM32\DSPARSE.dll
0x00007ffcb0150000 - 0x00007ffcb015b000 	C:\Windows\System32\rasadhlp.dll
0x00007ffcb3660000 - 0x00007ffcb36e6000 	C:\WINDOWS\System32\fwpuclnt.dll
0x00007ffbebcc0000 - 0x00007ffbebcc9000 	C:\Users\jinub\.antigravity-ide\extensions\redhat.java-1.55.0-win32-x64\jre\21.0.11-win32-x86_64\bin\extnet.dll

JVMTI agents:
c:\Users\jinub\.antigravity-ide\extensions\redhat.java-1.55.0-win32-x64\lombok\lombok-1.18.39-4050.jar path:c:\Users\jinub\.antigravity-ide\extensions\redhat.java-1.55.0-win32-x64\jre\21.0.11-win32-x86_64\bin\instrument.dll, loaded, initialized, instrumentlib options:none

dbghelp: loaded successfully - version: 4.0.5 - missing functions: none
symbol engine: initialized successfully - sym options: 0x614 - pdb path: .;c:\Users\jinub\.antigravity-ide\extensions\redhat.java-1.55.0-win32-x64\jre\21.0.11-win32-x86_64\bin;C:\WINDOWS\SYSTEM32;C:\Program Files\Avast Software\Suite;C:\WINDOWS\WinSxS\amd64_microsoft.windows.common-controls_6595b64144ccf1df_6.0.26100.8875_none_3e0d5d42e32fe9dd;c:\Users\jinub\.antigravity-ide\extensions\redhat.java-1.55.0-win32-x64\jre\21.0.11-win32-x86_64\bin\server;C:\Users\jinub\AppData\Roaming\Antigravity IDE\User\globalStorage\redhat.java\1.55.0\config_win\org.eclipse.equinox.launcher\org.eclipse.equinox.launcher.win32.win32.x86_64_1.3.100.v20260613-0559;C:\Users\jinub\AppData\Local\Temp\jna-101130716

VM Arguments:
jvm_args: --add-modules=ALL-SYSTEM --add-opens=java.base/java.util=ALL-UNNAMED --add-opens=java.base/java.lang=ALL-UNNAMED --add-opens=java.base/sun.nio.fs=ALL-UNNAMED -Declipse.application=org.eclipse.jdt.ls.core.id1 -Dosgi.bundles.defaultStartLevel=4 -Declipse.product=org.eclipse.jdt.ls.core.product -Djava.import.generatesMetadataFilesAtProjectRoot=false -DDetectVMInstallationsJob.disabled=true -Dfile.encoding=utf8 -XX:+UseParallelGC -XX:GCTimeRatio=4 -XX:AdaptiveSizePolicyWeight=90 -Dsun.zip.disableMemoryMapping=true -Xmx2G -Xms100m -Xlog:disable -javaagent:c:\Users\jinub\.antigravity-ide\extensions\redhat.java-1.55.0-win32-x64\lombok\lombok-1.18.39-4050.jar -XX:+HeapDumpOnOutOfMemoryError -XX:HeapDumpPath=c:\Users\jinub\AppData\Roaming\Antigravity IDE\User\workspaceStorage\de9b0b1405f3bc291aafe8dbc4d81a6e\redhat.java -Daether.dependencyCollector.impl=bf 
java_command: c:\Users\jinub\.antigravity-ide\extensions\redhat.java-1.55.0-win32-x64\server\plugins\org.eclipse.equinox.launcher_1.7.200.v20260619-2039.jar -configuration c:\Users\jinub\AppData\Roaming\Antigravity IDE\User\globalStorage\redhat.java\1.55.0\config_win -data c:\Users\jinub\AppData\Roaming\Antigravity IDE\User\workspaceStorage\de9b0b1405f3bc291aafe8dbc4d81a6e\redhat.java\jdt_ws --pipe=\\.\pipe\lsp-0547435467ab12ac65d23f158aa20cf9-sock
java_class_path (initial): c:\Users\jinub\.antigravity-ide\extensions\redhat.java-1.55.0-win32-x64\server\plugins\org.eclipse.equinox.launcher_1.7.200.v20260619-2039.jar
Launcher Type: SUN_STANDARD

[Global flags]
    uintx AdaptiveSizePolicyWeight                 = 90                                        {product} {command line}
     intx CICompilerCount                          = 4                                         {product} {ergonomic}
    uintx GCTimeRatio                              = 4                                         {product} {command line}
     bool HeapDumpOnOutOfMemoryError               = true                                   {manageable} {command line}
    ccstr HeapDumpPath                             = c:\Users\jinub\AppData\Roaming\Antigravity IDE\User\workspaceStorage\de9b0b1405f3bc291aafe8dbc4d81a6e\redhat.java         {manageable} {command line}
   size_t InitialHeapSize                          = 104857600                                 {product} {command line}
   size_t MaxHeapSize                              = 2147483648                                {product} {command line}
   size_t MaxNewSize                               = 715653120                                 {product} {ergonomic}
   size_t MinHeapDeltaBytes                        = 524288                                    {product} {ergonomic}
   size_t MinHeapSize                              = 104857600                                 {product} {command line}
   size_t NewSize                                  = 34603008                                  {product} {ergonomic}
    uintx NonNMethodCodeHeapSize                   = 5839372                                {pd product} {ergonomic}
    uintx NonProfiledCodeHeapSize                  = 122909434                              {pd product} {ergonomic}
   size_t OldSize                                  = 70254592                                  {product} {ergonomic}
    uintx ProfiledCodeHeapSize                     = 122909434                              {pd product} {ergonomic}
    uintx ReservedCodeCacheSize                    = 251658240                              {pd product} {ergonomic}
     bool SegmentedCodeCache                       = true                                      {product} {ergonomic}
   size_t SoftMaxHeapSize                          = 2147483648                             {manageable} {ergonomic}
     bool UseCompressedOops                        = true                           {product lp64_product} {ergonomic}
     bool UseLargePagesIndividualAllocation        = false                                  {pd product} {ergonomic}
     bool UseParallelGC                            = true                                      {product} {command line}

Logging:
Log output configuration:
 #0: stdout all=off uptime,level,tags foldmultilines=false
 #1: stderr all=off uptime,level,tags foldmultilines=false

Release file:
JAVA_VERSION="21.0.11" 
MODULES="java.base java.compiler java.datatransfer java.xml java.prefs java.desktop java.instrument java.logging java.management java.security.sasl java.naming java.rmi java.management.rmi java.net.http java.scripting java.security.jgss java.transaction.xa java.sql java.sql.rowset java.xml.crypto java.se java.smartcardio jdk.accessibility jdk.internal.jvmstat jdk.attach jdk.charsets jdk.internal.opt jdk.zipfs jdk.compiler jdk.crypto.ec jdk.crypto.cryptoki jdk.crypto.mscapi jdk.dynalink jdk.internal.ed jdk.editpad jdk.hotspot.agent jdk.httpserver jdk.internal.le jdk.internal.vm.ci jdk.internal.vm.compiler jdk.internal.vm.compiler.management jdk.jartool jdk.javadoc jdk.jcmd jdk.management jdk.management.agent jdk.jconsole jdk.jdeps jdk.jdwp.agent jdk.jdi jdk.jfr jdk.jshell jdk.jsobject jdk.jstatd jdk.localedata jdk.management.jfr jdk.naming.dns jdk.naming.rmi jdk.net jdk.nio.mapmode jdk.random jdk.sctp jdk.security.auth jdk.security.jgss jdk.unsupported jdk.unsupported.desktop jdk.xml.dom" 

Environment Variables:
JAVA_HOME=C:\Program Files\Java\jdk-23
PATH=C:\Program Files\Common Files\Oracle\Java\javapath;C:\windows\system32;C:\windows;C:\windows\System32\Wbem;C:\windows\System32\WindowsPowerShell\v1.0\;C:\windows\System32\OpenSSH\;C:\Program Files\Git\cmd;C:\Program Files\MySQL\MySQL Server 8.0\bin;C:\WINDOWS\system32;C:\WINDOWS;C:\WINDOWS\System32\Wbem;C:\WINDOWS\System32\WindowsPowerShell\v1.0\;C:\WINDOWS\System32\OpenSSH\;C:\Program Files\Microsoft SQL Server\150\Tools\Binn\;C:\Program Files\Microsoft SQL Server\Client SDK\ODBC\170\Tools\Binn\;C:\Program Files\Microsoft SQL Server\170\DTS\Binn\;C:\Program Files\dotnet\;C:\Program Files\Cloudflare\Cloudflare WARP\;C:\Program Files\nodejs\;D:\Downloads\apache-maven-3.9.16\bin;C:\Program Files\Java\jdk-23\bin;C:\Users\jinub\AppData\Local\Programs\Python\Launcher\;C:\Program Files\MySQL\MySQL Shell 8.0\bin\;C:\Users\jinub\AppData\Local\Microsoft\WindowsApps;C:\Users\jinub\AppData\Local\Programs\Microsoft VS Code\bin;C:\Users\jinub\.dotnet\tools;C:\Users\jinub\AppData\Local\Programs\Antigravity\bin;D:\Downloads\IntelliJ IDEA Community Edition 2025.2.6.2\bin;C:\Users\jinub\AppData\Roaming\npm;D:\Downloads\apache-maven-3.9.16-bin\bin;D:\Downloads\Antigravity IDE\bin
USERNAME=jinub
OS=Windows_NT
PROCESSOR_IDENTIFIER=AMD64 Family 25 Model 80 Stepping 0, AuthenticAMD
TMP=C:\Users\jinub\AppData\Local\Temp
TEMP=C:\Users\jinub\AppData\Local\Temp




Periodic native trim disabled

---------------  S Y S T E M  ---------------

OS:
 Windows 11 , 64 bit Build 26100 (10.0.26100.8875)
OS uptime: 0 days 1:19 hours
Hyper-V role detected

CPU: total 12 (initial active 12) (12 cores per cpu, 2 threads per core) family 25 model 80 stepping 0 microcode 0xa50000f, cx8, cmov, fxsr, ht, mmx, 3dnowpref, sse, sse2, sse3, ssse3, sse4a, sse4.1, sse4.2, popcnt, lzcnt, tsc, tscinvbit, avx, avx2, aes, erms, clmul, bmi1, bmi2, adx, sha, fma, vzeroupper, clflush, clflushopt, hv, rdtscp, rdpid, fsrm, f16c, cet_ss
Processor Information for the first 12 processors :
  Max Mhz: 3301, Current Mhz: 2011, Mhz Limit: 3301

Memory: 4k page, system-wide physical 15710M (407M free)
TotalPageFile size 25761M (AvailPageFile size 98M)
current process WorkingSet (physical memory assigned to process): 352M, peak: 1779M
current process commit charge ("private bytes"): 538M, peak: 1771M

vm_info: OpenJDK 64-Bit Server VM (21.0.11+10-LTS) for windows-amd64 JRE (21.0.11+10-LTS), built on 2026-04-21T00:00:00Z by "admin" with MS VC++ 17.12 (VS2022)

END.
